// Jest Snapshot v1, https://goo.gl/fbAQLP

exports[`cds tests cds list and longlist 5`] = `
"[
  {
    "subscribedTenantId": "5ecc7413-2b7e-414a-9496-ad4a61f6cccf",
    "subscriptionAppName": "afc-dev",
    "subscriptionAppId": "afc-dev!t5874",
    "subscribedSubaccountId": "5ecc7413-2b7e-414a-9496-ad4a61f6cccf",
    "providerSubaccountId": "7b20408e-3fe0-4ade-aa2e-ad97baac72e8",
    "subscribedZoneId": "5ecc7413-2b7e-414a-9496-ad4a61f6cccf",
    "subscribedSubdomain": "skyfin-company",
    "subscribedLicenseType": "SAPDEV",
    "subscribedCrmId": "",
    "subscriptionAppPlan": "standard",
    "subscriptionAppAmount": 1,
    "userId": "APPLICATION_OWNER",
    "globalAccountGUID": "011b4e7a-43b5-4f63-819a-9b1e46ab23b6",
    "eventType": "UPDATE",
    "createdAt": null,
    "modifiedAt": null
  },
  {
    "subscribedTenantId": "cb9158ce-f8fd-441b-b443-17219e8f79fa",
    "subscriptionAppName": "afc-dev",
    "subscriptionAppId": "afc-dev!t5874",
    "subscribedSubaccountId": "b07cc881-e90b-4c18-82c4-94aad87c2bb9",
    "providerSubaccountId": "7b20408e-3fe0-4ade-aa2e-ad97baac72e8",
    "subscribedZoneId": "cb9158ce-f8fd-441b-b443-17219e8f79fa",
    "subscribedSubdomain": "skysand",
    "subscribedLicenseType": "SAPDEV",
    "subscribedCrmId": "",
    "userId": "APPLICATION_OWNER",
    "globalAccountGUID": "011b4e7a-43b5-4f63-819a-9b1e46ab23b6",
    "eventType": "UPDATE",
    "createdAt": null,
    "modifiedAt": null
  },
  {
    "subscribedTenantId": "6917dfd6-7590-4033-af2a-140b75263b0d",
    "subscriptionAppName": "afc-dev",
    "subscriptionAppId": "afc-dev!t5874",
    "subscribedSubaccountId": "6917dfd6-7590-4033-af2a-140b75263b0d",
    "providerSubaccountId": "7b20408e-3fe0-4ade-aa2e-ad97baac72e8",
    "subscribedZoneId": "6917dfd6-7590-4033-af2a-140b75263b0d",
    "subscribedSubdomain": "skyfin-debug-company",
    "subscribedLicenseType": "SAPDEV",
    "subscribedCrmId": "",
    "subscriptionAppPlan": "standard",
    "subscriptionAppAmount": 1,
    "userId": "APPLICATION_OWNER",
    "globalAccountGUID": "011b4e7a-43b5-4f63-819a-9b1e46ab23b6",
    "eventType": "UPDATE",
    "createdAt": null,
    "modifiedAt": null
  },
  {
    "subscribedTenantId": "dde70ec5-983d-4848-b50c-fb2cdac7d359",
    "subscriptionAppName": "afc-dev",
    "subscriptionAppId": "afc-dev!t5874",
    "subscribedSubaccountId": "dde70ec5-983d-4848-b50c-fb2cdac7d359",
    "providerSubaccountId": "7b20408e-3fe0-4ade-aa2e-ad97baac72e8",
    "subscriptionGUID": "7642dc63-cc0f-4a6c-bdc4-e6f0c58357c7",
    "subscribedZoneId": "dde70ec5-983d-4848-b50c-fb2cdac7d359",
    "subscribedSubdomain": "skyfin-test-3",
    "subscribedLicenseType": "SAPDEV",
    "subscribedCrmId": "",
    "subscriptionAppPlan": "standard",
    "subscriptionAppAmount": 1,
    "userId": "maximilian.gruenfelder@sap.com",
    "userInfo": {
      "userId": "maximilian.gruenfelder@sap.com",
      "userGuid": "fa645700-ddc3-4f22-81d0-c0c1a0c0d228",
      "userName": "maximilian.gruenfelder@sap.com",
      "email": "maximilian.gruenfelder@sap.com",
      "subIdp": "D069515",
      "sub": "fa645700-ddc3-4f22-81d0-c0c1a0c0d228"
    },
    "additionalInformation": {
      "tenantMetadataUrl": "https://skyfin-test-3.authentication.sap.hana.ondemand.com/saml/metadata"
    },
    "globalAccountGUID": "011b4e7a-43b5-4f63-819a-9b1e46ab23b6",
    "eventType": "CREATE",
    "createdAt": null,
    "modifiedAt": null
  },
  {
    "subscribedTenantId": "848a0f14-792d-4bd2-821c-7c6280780ca3",
    "subscriptionAppName": "afc-dev",
    "subscriptionCommercialAppName": "afc-dev",
    "subscriptionAppId": "afc-dev!t5874",
    "subscribedSubaccountId": "848a0f14-792d-4bd2-821c-7c6280780ca3",
    "providerSubaccountId": "7b20408e-3fe0-4ade-aa2e-ad97baac72e8",
    "subscriptionGUID": "6b1a744f-89da-48cb-92d3-a01842d44b13",
    "subscribedZoneId": "848a0f14-792d-4bd2-821c-7c6280780ca3",
    "subscribedSubdomain": "saas-starter-eu-10",
    "subscribedLicenseType": "CUSTOMER",
    "subscribedCrmId": "37195256",
    "subscriptionAppPlan": "standard",
    "subscriptionAppAmount": 1,
    "userId": "dirk.anthony@sap.com",
    "userInfo": {
      "userId": "dirk.anthony@sap.com",
      "userGuid": "2793bc27-3fe0-43d5-a464-6126db93bf25",
      "userName": "dirk.anthony@sap.com",
      "email": "dirk.anthony@sap.com",
      "subIdp": "D019164",
      "sub": "2793bc27-3fe0-43d5-a464-6126db93bf25"
    },
    "globalAccountGUID": "14834dda-03aa-46e2-9ea7-01492f461a23",
    "eventType": "CREATE",
    "createdAt": null,
    "modifiedAt": null
  },
  {
    "subscribedTenantId": "4c0909b1-a84e-4763-a26e-532fdb9e40fa",
    "subscriptionAppName": "afc-dev",
    "subscriptionCommercialAppName": "afc-dev",
    "subscriptionAppId": "afc-dev!t5874",
    "subscribedSubaccountId": "4c0909b1-a84e-4763-a26e-532fdb9e40fa",
    "providerSubaccountId": "7b20408e-3fe0-4ade-aa2e-ad97baac72e8",
    "subscriptionGUID": "b6db4043-7b32-4bc5-89cc-b605ac033edd",
    "subscribedZoneId": "4c0909b1-a84e-4763-a26e-532fdb9e40fa",
    "subscribedSubdomain": "hw6-apps-eu10",
    "subscribedLicenseType": "CUSTOMER",
    "subscribedCrmId": "12553508",
    "subscriptionAppPlan": "standard",
    "subscriptionAppAmount": 2,
    "userId": "Bernhard.Fippel@sap.com",
    "userInfo": {
      "userId": "Bernhard.Fippel@sap.com",
      "userGuid": "921745c1-c9d4-468b-aec7-dd24206f54ac",
      "userName": "Bernhard.Fippel@sap.com",
      "email": "Bernhard.Fippel@sap.com",
      "subIdp": "D029586",
      "sub": "921745c1-c9d4-468b-aec7-dd24206f54ac"
    },
    "globalAccountGUID": "1fb05c0d-22c0-43d8-9ca7-c9ef0c28f67f",
    "eventType": "CREATE",
    "createdAt": null,
    "modifiedAt": null
  }
]"
`;
