// Jest Snapshot v1, https://jestjs.io/docs/snapshot-testing

exports[`context tests can create context for paged cf apps 1`] = `
[
  [
    {
      "headers": {
        "Accept": "application/json",
        "Authorization": "oauth-token",
      },
      "logged": false,
      "url": "https://api.cf.sap.hana.ondemand.com/v3/apps?space_guids=0215304c-3d6f-4f02-ae4f-a9bd6a9d46e9",
    },
  ],
  [
    {
      "headers": {
        "Accept": "application/json",
        "Authorization": "oauth-token",
      },
      "logged": false,
      "url": "https://api.cf.sap.hana.ondemand.com/v3/apps?page=2&per_page=50&space_guids=0215304c-3d6f-4f02-ae4f-a9bd6a9d46e9",
    },
  ],
]
`;
