// Jest Snapshot v1, https://goo.gl/fbAQLP

exports[`reg tests reg list paging 1`] = `
[
  [
    {
      "auth": {
        "token": "token",
      },
      "pathname": "/saas-manager/v1/plan/subscriptions",
      "query": {
        "appName": "appName",
        "page": 1,
        "size": 200,
      },
      "url": "saas_registry_url",
    },
  ],
  [
    {
      "auth": {
        "token": "token",
      },
      "pathname": "/saas-manager/v1/plan/subscriptions",
      "query": {
        "appName": "appName",
        "page": 2,
        "size": 200,
      },
      "url": "saas_registry_url",
    },
  ],
]
`;
