// Jest Snapshot v1, https://jestjs.io/docs/snapshot-testing

exports[`svm tests svm basics client headers 1`] = `
[
  [
    {
      "auth": {
        "token": "token",
      },
      "headers": {
        "Client-Name": "@cap-js-community/mtx-tool",
        "Client-Version": "0.11.2",
      },
      "pathname": "/v1/service_offerings",
      "url": "service-manager-url",
    },
  ],
  [
    {
      "auth": {
        "token": "token",
      },
      "headers": {
        "Client-Name": "@cap-js-community/mtx-tool",
        "Client-Version": "0.11.2",
      },
      "pathname": "/v1/service_plans",
      "url": "service-manager-url",
    },
  ],
  [
    {
      "auth": {
        "token": "token",
      },
      "headers": {
        "Client-Name": "@cap-js-community/mtx-tool",
        "Client-Version": "0.11.2",
      },
      "pathname": "/v1/service_instances",
      "url": "service-manager-url",
    },
  ],
  [
    {
      "auth": {
        "token": "token",
      },
      "headers": {
        "Client-Name": "@cap-js-community/mtx-tool",
        "Client-Version": "0.11.2",
      },
      "pathname": "/v1/service_bindings",
      "url": "service-manager-url",
    },
  ],
]
`;
